main.c:96:5:main	56	static
main.c:188:6:SystemClock_Config	112	static
main.c:238:13:MX_ADC_Init	16	static
main.c:327:13:MX_I2C1_Init	8	static
main.c:373:13:MX_LPTIM1_Init	8	static
main.c:405:13:MX_TIM2_Init	32	static
main.c:458:13:MX_TIM22_Init	32	static
main.c:511:13:MX_USART2_UART_Init	8	static
main.c:546:13:MX_GPIO_Init	48	static
main.c:587:6:config_int_channel_ADC	24	static
main.c:626:10:r_single_int_channel_ADC	24	static
main.c:643:6:config_ext_channel_ADC	24	static
main.c:661:10:r_single_ext_channel_ADC	24	static
main.c:683:6:Error_Handler	8	static
