main.c:93:5:main	56	static
main.c:185:6:SystemClock_Config	112	static
main.c:235:13:MX_ADC_Init	16	static
main.c:324:13:MX_I2C1_Init	8	static
main.c:370:13:MX_LPTIM1_Init	8	static
main.c:402:13:MX_TIM2_Init	32	static
main.c:455:13:MX_TIM22_Init	32	static
main.c:508:13:MX_USART2_UART_Init	8	static
main.c:543:13:MX_GPIO_Init	48	static
main.c:584:6:config_int_channel_ADC	24	static
main.c:623:10:r_single_int_channel_ADC	24	static
main.c:640:6:config_ext_channel_ADC	24	static
main.c:658:10:r_single_ext_channel_ADC	24	static
main.c:680:6:Error_Handler	8	static
