main.c:91:5:main	56	static
main.c:183:6:SystemClock_Config	112	static
main.c:233:13:MX_ADC_Init	16	static
main.c:322:13:MX_I2C1_Init	8	static
main.c:368:13:MX_LPTIM1_Init	8	static
main.c:400:13:MX_TIM2_Init	32	static
main.c:453:13:MX_TIM22_Init	32	static
main.c:506:13:MX_USART2_UART_Init	8	static
main.c:541:13:MX_GPIO_Init	48	static
main.c:582:6:config_int_channel_ADC	24	static
main.c:621:10:r_single_int_channel_ADC	24	static
main.c:638:6:config_ext_channel_ADC	24	static
main.c:656:10:r_single_ext_channel_ADC	24	static
main.c:678:6:Error_Handler	8	static
