stm32l0xx_hal_msp.c:66:6:HAL_MspInit	8	static
stm32l0xx_hal_msp.c:88:6:HAL_ADC_MspInit	40	static
stm32l0xx_hal_msp.c:126:6:HAL_ADC_MspDeInit	16	static
stm32l0xx_hal_msp.c:159:6:HAL_I2C_MspInit	40	static
stm32l0xx_hal_msp.c:195:6:HAL_I2C_MspDeInit	16	static
stm32l0xx_hal_msp.c:224:6:HAL_LPTIM_MspInit	16	static
stm32l0xx_hal_msp.c:246:6:HAL_LPTIM_MspDeInit	16	static
stm32l0xx_hal_msp.c:268:6:HAL_TIM_PWM_MspInit	16	static
stm32l0xx_hal_msp.c:295:6:HAL_TIM_MspPostInit	56	static
stm32l0xx_hal_msp.c:357:6:HAL_TIM_PWM_MspDeInit	16	static
stm32l0xx_hal_msp.c:390:6:HAL_UART_MspInit	40	static
stm32l0xx_hal_msp.c:426:6:HAL_UART_MspDeInit	16	static
